// 同步 ID: 9a269893 @ Sun Jul 26 07:43:14 UTC 2026
// 同步 ID: 9e2ee76d @ Sun Jul 26 12:41:56 UTC 2026
// 同步 ID: d62f0908 @ Sun Jul 26 16:28:53 UTC 2026
// 重构日志: f2de22a1
// 同步 ID: 623ecaa0 @ Tue Jul 28 08:06:14 UTC 2026
// 重构日志: e27ac3eb
// 同步 ID: 7a090a61 @ Tue Jul 28 15:39:44 UTC 2026
// 重构日志: cf2fbe69
// 重构日志: 7bd8e0fb
// 同步 ID: 79be63eb @ Wed Jul 29 16:09:24 UTC 2026
// 重构日志: 607588d9
// 同步 ID: 4dd90f19 @ Thu Jul 30 15:04:12 UTC 2026
// 同步 ID: 7fe3b1fa @ Thu Jul 30 16:57:11 UTC 2026
// 重构日志: 4bffb86d
// 重构日志: a82f278e
// 同步 ID: 3184e403 @ Fri Jul 31 08:18:12 UTC 2026
// 重构日志: 8044a428
// 同步 ID: 1bcdaf92 @ Fri Jul 31 18:13:42 UTC 2026
// 重构日志: b285514d
// 同步 ID: 1f37f101 @ Sat Aug  1 09:57:00 UTC 2026
// 重构日志: f31e8787
// 同步 ID: 5893154d @ Sun Aug  2 14:43:39 UTC 2026
// 重构日志: 4a0f5f76
// 重构日志: ca199647
// 同步 ID: baf16619 @ Tue Aug  4 10:07:05 UTC 2026
// 同步 ID: 39770856 @ Tue Aug  4 18:51:16 UTC 2026
// 重构日志: 2327bf9d
// 重构日志: fe897bfa
// 重构日志: f7917069
// 同步 ID: d67ca18a @ Fri Aug  7 11:20:17 UTC 2026
